Build target 'Target 1'
compiling main.c...
main.c(70): warning:  #223-D: function "IO_Interrupt_Config" declared implicitly
        IO_Interrupt_Config();
main.c: 1 warning, 0 errors
compiling modbus_core.c...
compiling modbus_slave.c...
compiling modbus_master.c...
..\HARDWARE\modbus\modbus_master.c(19): warning:  #177-D: function "masterCheckNeedWrite" was declared but never referenced
  static uint8_t masterCheckNeedWrite(ModbusHandle* handle, uint8_t slaveAddr);
..\HARDWARE\modbus\modbus_master.c: 1 warning, 0 errors
compiling modbus_port.c...
compiling modbus_usart3.c...
compiling modbus_usart1.c...
compiling modbus_usart2.c...
compiling modbus_uart4.c...
..\HARDWARE\modbus\modbus_uart4.c(261): warning:  #177-D: variable "bufData" was declared but never referenced
      uint16_t bufData;
..\HARDWARE\modbus\modbus_uart4.c(43): warning:  #177-D: variable "uart4WriteData" was declared but never referenced
  static uint8_t uart4WriteData[45];
..\HARDWARE\modbus\modbus_uart4.c(44): warning:  #177-D: variable "uart4WriteLen" was declared but never referenced
  static uint16_t uart4WriteLen;
..\HARDWARE\modbus\modbus_uart4.c: 3 warnings, 0 errors
linking...
Program Size: Code=56598 RO-data=1078 RW-data=648 ZI-data=23304  
FromELF: creating hex file...
"..\OBJ\UART.axf" - 0 Error(s), 5 Warning(s).
